PASS src/main/application/assets/ReadAssetFileBytesService.test.ts
PASS src/main/application/maps/SaveMapService.test.ts
PASS src/renderer/ui/editor/map/mapPicking.test.ts
PASS src/renderer/ui/editor/map/wallStripGeometry.test.ts
PASS src/renderer/ui/editor/map/mapDecoder.test.ts
PASS src/main/infrastructure/assets/nodeDirectoryReader.test.ts
PASS src/main/application/maps/MapValidationService.test.ts
PASS src/main/application/assets/AssetIndexService.test.ts
PASS src/main/infrastructure/menu/createApplicationMenuTemplate.test.ts
PASS src/main/infrastructure/settings/JsonFileSettingsRepository.test.ts
PASS src/main/application/maps/OpenMapService.test.ts
PASS src/main/application/maps/MapEditHistory.test.ts
PASS src/shared/domain/asyncSignal.test.ts
PASS src/main/infrastructure/maps/JsonFileRecentMapsRepository.test.ts
PASS src/main/infrastructure/settings/settingsCodec.test.ts
PASS src/main/application/store/AppStore.test.ts
PASS src/main/windows/createMainWindow.test.ts
PASS src/main/infrastructure/settings/nodeFileSystem.test.ts
PASS src/main/windows/createMainWindowWebPreferences.test.ts
PASS src/main/application/maps/UnsavedChangesGuard.test.ts
PASS src/main/application/maps/RecentMapsService.test.ts
PASS src/main/infrastructure/process/NodeProcessRunner.test.ts
PASS src/main/windows/createSettingsWindow.test.ts
PASS src/main/infrastructure/assets/AssetIndexer.test.ts
PASS src/main/application/maps/OpenMapFromAssetsService.test.ts
PASS src/main/application/assets/OpenAssetService.test.ts
PASS src/renderer/ui/editor/tools/mapEditorTools.test.ts
PASS src/renderer/ui/editor/inspector/toggleSectorIdPicker.test.ts
PASS src/renderer/ui/editor/inspector/assetActionRouter.test.ts
PASS src/main/application/settings/SettingsService.test.ts
PASS src/renderer/store/nomosStore.test.ts
PASS src/main/ipc/registerNomosIpcHandlers.test.ts
PASS src/shared/domain/mapRoomGeometry.test.ts
PASS src/main/application/maps/MapCommandEngine.test.ts
PASS src/main/application/maps/MapEditService.test.ts
------------------------------------|---------|----------|---------|---------|--------------------------------------------------------------------------------------------------------------------------------------------------------------------------------------------------------------------------------------------------------------------------------------
File                                | % Stmts | % Branch | % Funcs | % Lines | Uncovered Line #s                                                                                                                                                                                                                                                                    
------------------------------------|---------|----------|---------|---------|--------------------------------------------------------------------------------------------------------------------------------------------------------------------------------------------------------------------------------------------------------------------------------------
All files                           |   43.96 |    35.73 |   35.93 |   44.19 |                                                                                                                                                                                                                                                                                      
 main                               |       0 |        0 |       0 |       0 |                                                                                                                                                                                                                                                                                      
  main.ts                           |       0 |        0 |       0 |       0 | 1-651                                                                                                                                                                                                                                                                                
 main/application/assets            |     100 |    96.77 |     100 |     100 |                                                                                                                                                                                                                                                                                      
  AssetIndexService.ts              |     100 |      100 |     100 |     100 |                                                                                                                                                                                                                                                                                      
  OpenAssetService.ts               |     100 |      100 |     100 |     100 |                                                                                                                                                                                                                                                                                      
  ReadAssetFileBytesService.ts      |     100 |    92.85 |     100 |     100 | 91                                                                                                                                                                                                                                                                                   
 main/application/maps              |   91.98 |    82.36 |     100 |   91.86 |                                                                                                                                                                                                                                                                                      
  MapCommandEngine.ts               |   87.68 |    76.03 |     100 |   87.45 | 124,139,148,392,423,432-437,475-476,486,491,497,504,509,517,521,527,541,548,551,556,565,578,582,589,594,604,608,625,634,639,642,645,671,711,722,728,749,761,765,768,779,782,787-796,803,826,841,849,873,907,919,923,934,940,944,958-959,1022,1034,1040-1041,1064,1070,1076,1082-1083 
  MapEditHistory.ts                 |     100 |      100 |     100 |     100 |                                                                                                                                                                                                                                                                                      
  MapEditService.ts                 |     100 |      100 |     100 |     100 |                                                                                                                                                                                                                                                                                      
  MapValidationService.ts           |     100 |      100 |     100 |     100 |                                                                                                                                                                                                                                                                                      
  OpenMapFromAssetsService.ts       |     100 |      100 |     100 |     100 |                                                                                                                                                                                                                                                                                      
  OpenMapService.ts                 |     100 |    88.88 |     100 |     100 | 68-69                                                                                                                                                                                                                                                                                
  RecentMapsService.ts              |   96.29 |       50 |     100 |   96.15 | 45                                                                                                                                                                                                                                                                                   
  SaveMapService.ts                 |     100 |      100 |     100 |     100 |                                                                                                                                                                                                                                                                                      
  UnsavedChangesGuard.ts            |     100 |      100 |     100 |     100 |                                                                                                                                                                                                                                                                                      
 main/application/settings          |     100 |    66.66 |     100 |     100 |                                                                                                                                                                                                                                                                                      
  SettingsService.ts                |     100 |    66.66 |     100 |     100 | 30-32                                                                                                                                                                                                                                                                                
 main/application/store             |     100 |      100 |     100 |     100 |                                                                                                                                                                                                                                                                                      
  AppStore.ts                       |     100 |      100 |     100 |     100 |                                                                                                                                                                                                                                                                                      
 main/infrastructure/assets         |      90 |      100 |    87.5 |   89.65 |                                                                                                                                                                                                                                                                                      
  AssetIndexer.ts                   |     100 |      100 |     100 |     100 |                                                                                                                                                                                                                                                                                      
  nodeBinaryFileReader.ts           |       0 |      100 |       0 |       0 | 1-6                                                                                                                                                                                                                                                                                  
  nodeDirectoryReader.ts            |     100 |      100 |     100 |     100 |                                                                                                                                                                                                                                                                                      
 main/infrastructure/maps           |     100 |      100 |     100 |     100 |                                                                                                                                                                                                                                                                                      
  JsonFileRecentMapsRepository.ts   |     100 |      100 |     100 |     100 |                                                                                                                                                                                                                                                                                      
 main/infrastructure/menu           |   66.66 |      100 |      50 |   66.66 |                                                                                                                                                                                                                                                                                      
  createApplicationMenuTemplate.ts  |   66.66 |      100 |      50 |   66.66 | 43-48,56-57,69-77,90,109-115,174                                                                                                                                                                                                                                                     
 main/infrastructure/path           |       0 |      100 |       0 |       0 |                                                                                                                                                                                                                                                                                      
  nodePathService.ts                |       0 |      100 |       0 |       0 | 1-8                                                                                                                                                                                                                                                                                  
 main/infrastructure/process        |     100 |      100 |     100 |     100 |                                                                                                                                                                                                                                                                                      
  NodeProcessRunner.ts              |     100 |      100 |     100 |     100 |                                                                                                                                                                                                                                                                                      
 main/infrastructure/settings       |     100 |      100 |     100 |     100 |                                                                                                                                                                                                                                                                                      
  JsonFileSettingsRepository.ts     |     100 |      100 |     100 |     100 |                                                                                                                                                                                                                                                                                      
  nodeFileSystem.ts                 |     100 |      100 |     100 |     100 |                                                                                                                                                                                                                                                                                      
  settingsCodec.ts                  |     100 |      100 |     100 |     100 |                                                                                                                                                                                                                                                                                      
 main/infrastructure/shell          |       0 |      100 |       0 |       0 |                                                                                                                                                                                                                                                                                      
  nodeShellOpener.ts                |       0 |      100 |       0 |       0 | 1-7                                                                                                                                                                                                                                                                                  
 main/ipc                           |   47.22 |        0 |       5 |   58.62 |                                                                                                                                                                                                                                                                                      
  registerNomosIpcHandlers.ts       |   47.22 |        0 |       5 |   58.62 | 64-79,89,98,101,105,108,111,115,120,125                                                                                                                                                                                                                                              
 main/windows                       |   92.59 |        0 |     100 |   92.59 |                                                                                                                                                                                                                                                                                      
  createMainWindow.ts               |     100 |      100 |     100 |     100 |                                                                                                                                                                                                                                                                                      
  createMainWindowWebPreferences.ts |     100 |      100 |     100 |     100 |                                                                                                                                                                                                                                                                                      
  createSettingsWindow.ts           |   86.66 |        0 |     100 |   86.66 | 11-12                                                                                                                                                                                                                                                                                
 preload                            |       0 |      100 |       0 |       0 |                                                                                                                                                                                                                                                                                      
  preload.ts                        |       0 |      100 |       0 |       0 | 1-88                                                                                                                                                                                                                                                                                 
 renderer                           |       0 |        0 |       0 |       0 |                                                                                                                                                                                                                                                                                      
  renderer.tsx                      |       0 |        0 |       0 |       0 | 1-170                                                                                                                                                                                                                                                                                
 renderer/store                     |   48.71 |    33.33 |   85.71 |   47.36 |                                                                                                                                                                                                                                                                                      
  nomosStore.ts                     |   48.71 |    33.33 |   85.71 |   47.36 | 35,41-48,55,59,64,70-77,100-105,137-138                                                                                                                                                                                                                                              
 renderer/ui/editor                 |       0 |        0 |       0 |       0 |                                                                                                                                                                                                                                                                                      
  EditorShell.tsx                   |       0 |        0 |       0 |       0 | 1-131                                                                                                                                                                                                                                                                                
  MapEditorCanvas.tsx               |       0 |        0 |       0 |       0 | 1-2191                                                                                                                                                                                                                                                                               
 renderer/ui/editor/inspector       |    2.04 |     1.97 |    2.33 |     2.1 |                                                                                                                                                                                                                                                                                      
  AssetBrowser.tsx                  |       0 |        0 |       0 |       0 | 1-332                                                                                                                                                                                                                                                                                
  MapPropertiesSection.tsx          |       0 |        0 |       0 |       0 | 1-207                                                                                                                                                                                                                                                                                
  PropertiesEditor.tsx              |       0 |        0 |       0 |       0 | 1-1451                                                                                                                                                                                                                                                                               
  assetActionRouter.ts              |     100 |      100 |     100 |     100 |                                                                                                                                                                                                                                                                                      
  toggleSectorIdPicker.ts           |      80 |       80 |     100 |      80 | 30,37                                                                                                                                                                                                                                                                                
 renderer/ui/editor/map             |   81.56 |    55.68 |   97.91 |    81.1 |                                                                                                                                                                                                                                                                                      
  mapDecoder.ts                     |   76.53 |    37.61 |     100 |   75.92 | 34,42,54,59,62,72,86,110,114,118,136,141,145,153,158,163,168,173,178,183,188,207,217,222,227,232,237,242,247,256,261,266,290,295,300,305,310,315,323,341,346,351,356,362,377,381,400,405,410,418,423,428,434,439,461,466,476,483,492,511,518,545,552,562,569                         
  mapPicking.ts                     |      95 |    85.45 |     100 |   94.93 | 38,49,57,67,117,156,330-331                                                                                                                                                                                                                                                          
  wallStripGeometry.ts              |   78.03 |    59.34 |   94.73 |   77.29 | 53,60,68,82,95,101,107,118,123,132,135,152,170,194-210,240-242,253,260,264,269,281,286,292,305,312,315,327,332,335,340,348,354,399-408,451                                                                                                                                           
 renderer/ui/editor/panels          |       0 |        0 |       0 |       0 |                                                                                                                                                                                                                                                                                      
  InspectorDockPanel.tsx            |       0 |        0 |       0 |       0 | 1-198                                                                                                                                                                                                                                                                                
  MapEditorDockPanel.tsx            |       0 |        0 |       0 |       0 | 1-299                                                                                                                                                                                                                                                                                
  MapPropertiesDockPanel.tsx        |       0 |      100 |       0 |       0 | 2-7                                                                                                                                                                                                                                                                                  
 renderer/ui/editor/tools           |     100 |      100 |     100 |     100 |                                                                                                                                                                                                                                                                                      
  mapEditorTools.ts                 |     100 |      100 |     100 |     100 |                                                                                                                                                                                                                                                                                      
 shared/domain                      |   84.33 |       70 |   89.47 |   84.92 |                                                                                                                                                                                                                                                                                      
  asyncSignal.ts                    |     100 |      100 |     100 |     100 |                                                                                                                                                                                                                                                                                      
  mapRoomCreation.ts                |     100 |      100 |     100 |     100 |                                                                                                                                                                                                                                                                                      
  mapRoomGeometry.ts                |    83.8 |    69.69 |   88.23 |    84.4 | 62-70,115,122,192,198,213,220,253,258,273,281,308-309,359,362,379,383-384,395-407,418,445,455,478,486,525-548,553,573,582,618,632,709,721,771,775,799,817                                                                                                                            
 shared/ipc                         |     100 |      100 |     100 |     100 |                                                                                                                                                                                                                                                                                      
  nomosIpc.ts                       |     100 |      100 |     100 |     100 |                                                                                                                                                                                                                                                                                      
------------------------------------|---------|----------|---------|---------|--------------------------------------------------------------------------------------------------------------------------------------------------------------------------------------------------------------------------------------------------------------------------------------

Test Suites: 35 passed, 35 total
Tests:       388 passed, 388 total
Snapshots:   0 total
Time:        8.353 s
Ran all test suites.
